ARM Linker, 4.1 [Build 894] [Professional (MDK + RL-ARM)]

==============================================================================

Section Cross References

    main.o(.text) refers to os_task.o(.text) for OSTaskCreate
    main.o(.text) refers to appbmu.o(.text) for updateBP_BM
    main.o(.text) refers to stm32f4xx_gpio.o(.text) for GPIO_ToggleBits
    main.o(.text) refers to os_time.o(.text) for OSTimeDly
    main.o(.text) refers to bsp_global.o(.text) for BSP_Init
    main.o(.text) refers to appconfig.o(.text) for SCInit
    main.o(.text) refers to os_core.o(.text) for OSInit
    main.o(.text) refers to system_stm32f4xx.o(.data) for SystemCoreClock
    main.o(.text) refers to task_can2.o(.bss) for Stk_Task_CAN2_Rev
    main.o(.text) refers to task_can2.o(.text) for Task_CAN2_Rev
    main.o(.text) refers to task_can1.o(.bss) for Stk_Task_CO
    main.o(.text) refers to task_can1.o(.text) for Task_CO
    main.o(.text) refers to task_avchg.o(.bss) for Stk_Task_AVChg
    main.o(.text) refers to task_avchg.o(.text) for Task_AVChg
    main.o(.text) refers to task_main.o(.bss) for Stk_Task_Main
    main.o(.text) refers to task_main.o(.text) for Task_Main
    main.o(.text) refers to task_syscheck.o(.bss) for Stk_TaskFaultCheck
    main.o(.text) refers to task_syscheck.o(.text) for Task_FaultCheck
    main.o(.text) refers to task_wifi.o(.bss) for Stk_Task_WIFI
    main.o(.text) refers to task_wifi.o(.text) for Task_wifi
    main.o(.text) refers to mesa.o(.bss) for Stk_Task_Mesa
    main.o(.text) refers to mesa.o(.text) for Task_Mesa
    main.o(.text) refers to main.o(.data) for main_loop_count
    main.o(.text) refers to task_test.o(.bss) for Stk_Task_HTTP
    main.o(.text) refers to mbtcp_task.o(.text) for mbtcp_task
    main.o(.text) refers to main.o(.bss) for Stk_TaskStartUp
    task_test.o(.text) refers to os_time.o(.text) for OSTimeDlyHMSM
    task_test.o(.text) refers to stm32f4x7_eth_bsp.o(.text) for ETH_BSP_Config
    task_test.o(.text) refers to netconf.o(.text) for LwIP_Init
    task_test.o(.text) refers to httpd.o(.text) for httpd_init
    task_test.o(.text) refers to 24c02.o(.text) for I2C_Write
    appbmu.o(.text) refers to os_sem.o(.text) for OSSemPost
    appbmu.o(.text) refers to memcpya.o(.text) for __aeabi_memcpy4
    appbmu.o(.text) refers to os_time.o(.text) for OSTimeGet
    appbmu.o(.text) refers to systick.o(.text) for timeDiff
    appbmu.o(.text) refers to uldiv.o(.text) for __aeabi_uldivmod
    appbmu.o(.text) refers to task_syscheck.o(.data) for sem_bmu_can_rev
    appbmu.o(.text) refers to main.o(.bss) for gSysCfg
    appbmu.o(.text) refers to task_main.o(.bss) for strInfo
    appbmu.o(.text) refers to appbmu.o(.bss) for loseBMU_tm
    appbmu.o(.text) refers to memseta.o(.text) for __aeabi_memclr4
    appbmu.o(.text) refers to appbmu.o(.constdata) for .constdata
    appbmu.o(.text) refers to appbmu.o(.data) for SOC_OCV_AjuestAllowed
    appbmu.o(.text) refers to task_syscheck.o(.bss) for str_tc
    appbmu.o(.text) refers to task_main.o(.data) for vcuInfo
    task_can1.o(.text) refers to os_sem.o(.text) for OSSemCreate
    task_can1.o(.text) refers to eb_framework.o(.text) for ebFrameworkInit
    task_can1.o(.text) refers to battery.o(.text) for batApplInit
    task_can1.o(.text) refers to os_time.o(.text) for OSTimeDlyHMSM
    task_can1.o(.text) refers to co_commtask.o(.text) for coCommTask
    task_can1.o(.text) refers to codrv_cpu_generic.o(.text) for codrvTimerISR
    task_can1.o(.text) refers to task_can1.o(.data) for sem_CAN1_rec_flag
    task_can2.o(.text) refers to stm32f4xx_gpio.o(.text) for GPIO_ReadOutputDataBit
    task_can2.o(.text) refers to bsp_can.o(.text) for CAN2_WriteData
    task_can2.o(.text) refers to os_time.o(.text) for OSTimeDly
    task_can2.o(.text) refers to task_can2.o(.data) for pulse_stat
    task_can2.o(.text) refers to task_main.o(.data) for gBOpMd
    task_can2.o(.text) refers to task_main.o(.bss) for sysInfo
    task_can2.o(.text) refers to bsp_adc.o(.bss) for ADC_REV_Instant
    task_can2.o(.text) refers to task_adc.o(.bss) for ad_res
    task_can2.o(.text) refers to main.o(.bss) for bmu
    task_can2.o(.text) refers to os_sem.o(.text) for OSSemPost
    task_can2.o(.text) refers to task_eflash.o(.text) for NVM_SysinfoWrite
    task_can2.o(.text) refers to bmu_gt.o(.text) for GTInfo_parse
    task_can2.o(.text) refers to shed_ctrl.o(.text) for schnider_parse
    task_can2.o(.text) refers to appbmu.o(.text) for strAlarmClr
    task_can2.o(.text) refers to task_syscheck.o(.data) for sem_fault_clr
    task_can2.o(.text) refers to systick.o(.text) for timeDiff
    task_can2.o(.text) refers to stm32f4xx_can.o(.text) for CAN_Transmit
    task_can2.o(.text) refers to bsp_can.o(.data) for can2_rec_flag
    task_can2.o(.text) refers to os_core.o(.data) for OSTime
    task_can2.o(.text) refers to bsp_can.o(.bss) for CAN2RxMsg
    task_can2.o(.text) refers to memcpya.o(.text) for __aeabi_memcpy4
    task_adc.o(.text) refers to appbmu.o(.text) for abso
[...]
    ETH_ResumeDMAReception                   0x08015d79   Thumb Code     8  stm32f4x7_eth.o(.text)
    ETH_SetReceiveWatchdogTimer              0x08015d81   Thumb Code     6  stm32f4x7_eth.o(.text)
    ETH_PHYLoopBackCmd                       0x08015d87   Thumb Code    52  stm32f4x7_eth.o(.text)
    ETH_ResetWakeUpFrameFilterRegisterPointer 0x08015dbb   Thumb Code    14  stm32f4x7_eth.o(.text)
    ETH_SetWakeUpFrameFilterRegister         0x08015dc9   Thumb Code    24  stm32f4x7_eth.o(.text)
    ETH_GlobalUnicastWakeUpCmd               0x08015de1   Thumb Code    30  stm32f4x7_eth.o(.text)
    ETH_GetPMTFlagStatus                     0x08015dff   Thumb Code    20  stm32f4x7_eth.o(.text)
    ETH_WakeUpFrameDetectionCmd              0x08015e13   Thumb Code    30  stm32f4x7_eth.o(.text)
    ETH_MagicPacketDetectionCmd              0x08015e31   Thumb Code    30  stm32f4x7_eth.o(.text)
    ETH_PowerDownCmd                         0x08015e4f   Thumb Code    50  stm32f4x7_eth.o(.text)
    ETH_MMCCounterFullPreset                 0x08015e81   Thumb Code    16  stm32f4x7_eth.o(.text)
    ETH_MMCCounterHalfPreset                 0x08015e91   Thumb Code    30  stm32f4x7_eth.o(.text)
    ETH_MMCCounterFreezeCmd                  0x08015eaf   Thumb Code    34  stm32f4x7_eth.o(.text)
    ETH_MMCResetOnReadCmd                    0x08015ed1   Thumb Code    34  stm32f4x7_eth.o(.text)
    ETH_MMCCounterRolloverCmd                0x08015ef3   Thumb Code    34  stm32f4x7_eth.o(.text)
    ETH_MMCCountersReset                     0x08015f15   Thumb Code    16  stm32f4x7_eth.o(.text)
    ETH_MMCITConfig                          0x08015f25   Thumb Code    78  stm32f4x7_eth.o(.text)
    ETH_GetMMCITStatus                       0x08015f73   Thumb Code    58  stm32f4x7_eth.o(.text)
    ETH_GetMMCRegister                       0x08015fad   Thumb Code     8  stm32f4x7_eth.o(.text)
    SysTick_Configuration                    0x08015fcd   Thumb Code    92  systick.o(.text)
    Time_Update                              0x08016029   Thumb Code     2  systick.o(.text)
    TimingDelay_Decrement                    0x0801602b   Thumb Code    18  systick.o(.text)
    timeDiff                                 0x0801603d   Thumb Code    16  systick.o(.text)
    isDelayExp                               0x0801604d   Thumb Code    38  systick.o(.text)
    TIM_Configuration                        0x08016085   Thumb Code   214  timer.o(.text)
    TIM3_IRQHandler                          0x0801615b   Thumb Code   154  timer.o(.text)
    mainpage_assm                            0x08016211   Thumb Code  1808  pagemake.o(.text)
    float2str                                0x08016921   Thumb Code    28  pagemake.o(.text)
    schnider_ctrl                            0x08016f93   Thumb Code    36  shed_ctrl.o(.text)
    schnider_parse                           0x080172e7   Thumb Code    40  shed_ctrl.o(.text)
    fork_task                                0x080174c5   Thumb Code   306  bmu_gt.o(.text)
    GTInfo_parse                             0x080175f7   Thumb Code   556  bmu_gt.o(.text)
    eMBFuncReadCoils                         0x08017829   Thumb Code   174  mbfunccoils.o(.text)
    eMBFuncWriteCoil                         0x080178d7   Thumb Code   112  mbfunccoils.o(.text)
    eMBFuncWriteMultipleCoils                0x08017947   Thumb Code   144  mbfunccoils.o(.text)
    eMBFuncReadDiscreteInputs                0x080179d7   Thumb Code   172  mbfuncdisc.o(.text)
    eMBFuncWriteHoldingRegister              0x08017a83   Thumb Code    66  mbfuncholding.o(.text)
    eMBFuncWriteMultipleHoldingRegister      0x08017ac5   Thumb Code   110  mbfuncholding.o(.text)
    eMBFuncReadHoldingRegister               0x08017b33   Thumb Code   140  mbfuncholding.o(.text)
    eMBFuncReadWriteMultipleHoldingRegister  0x08017bbf   Thumb Code   212  mbfuncholding.o(.text)
    eMBFuncReadInputRegister                 0x08017c93   Thumb Code   140  mbfuncinput.o(.text)
    eMBSetSlaveID                            0x08017d21   Thumb Code   110  mbfuncother.o(.text)
    eMBFuncReportSlaveID                     0x08017d8f   Thumb Code    30  mbfuncother.o(.text)
    xMBUtilSetBits                           0x08017db5   Thumb Code    96  mbutils.o(.text)
    xMBUtilGetBits                           0x08017e15   Thumb Code    46  mbutils.o(.text)
    prveMBError2Exception                    0x08017e43   Thumb Code    34  mbutils.o(.text)
    xMBPortEventInit                         0x08017e65   Thumb Code    26  portevent.o(.text)
    vMBPortEventClose                        0x08017e7f   Thumb Code     2  portevent.o(.text)
    xMBPortEventPost                         0x08017e81   Thumb Code    10  portevent.o(.text)
    xMBPortEventGet                          0x08017e8b   Thumb Code    30  portevent.o(.text)
    eMBTCPDoInit                             0x08017eb1   Thumb Code    20  mbtcp.o(.text)
    eMBTCPStart                              0x08017ec5   Thumb Code     2  mbtcp.o(.text)
    eMBTCPStop                               0x08017ec7   Thumb Code     8  mbtcp.o(.text)
    eMBTCPReceive                            0x08017ecf   Thumb Code    86  mbtcp.o(.text)
    eMBTCPSend                               0x08017f25   Thumb Code    48  mbtcp.o(.text)
    eMBInit                                  0x08017f55   Thumb Code    80  mb.o(.text)
    eMBTCPInit                               0x08017fa5   Thumb Code    86  mb.o(.text)
    eMBRegisterCB                            0x08017ffb   Thumb Code   124  mb.o(.text)
    eMBClose                                 0x08018077   Thumb Code    32  mb.o(.text)
    eMBEnable                                0x08018097   Thumb Code    32  mb.o(.text)
    eMBDisable                               0x080180b7   Thumb Code    42  mb.o(.text)
    eMBPoll                                  0x080180e1   Thumb Code   268  mb.o(.text)
    prvvMBPortReleaseClient                  0x08018235   Thumb Code    52  porttcp.o(.text)
    xMBTCPPortInit                           0x0801836b   Thumb Code   102  porttcp.o(.text)
    vMBTCPPortClose                          0x080183d1   Thumb Code    24  porttcp.o(.text)
    vMBTCPPortDisable                        0x080183e9   Thumb Code    12  porttcp.o(.text)
    xMBTCPPortGetRequest                     0x080183f5   Thumb Code    22  porttcp.o(.text)
    xMBTCPPortSendResponse                   0x0801840b   Thumb Code    54  porttcp.o(.text)
    Task_HTTP_d                              0x08018461   Thumb Code    28  mbtcp_task.o(.text)
    mbtcp_task                               0x080185b9   Thumb Code    44  mbtcp_task.o(.text)
    eMBRegInputCB                            0x080185e5   Thumb Code    74  mbtcp_task.o(.text)
    eMBRegHoldingCB                          0x0801862f   Thumb Code   380  mbtcp_task.o(.text)
    eMBRegCoilsCB                            0x080187ab   Thumb Code   418  mbtcp_task.o(.text)
    eMBRegDiscreteCB                         0x0801894d   Thumb Code   194  mbtcp_task.o(.text)
    mbtcpd_init                              0x08018a0f   Thumb Code    12  mbtcp_task.o(.text)
    fillMbReg                                0x08018a1b   Thumb Code    42  mbtcp_task.o(.text)
    icoCobCreate                             0x08018a55   Thumb Code   184  co_cobhandler.o(.text)
    icoCobSet                                0x08018b0d   Thumb Code   104  co_cobhandler.o(.text)
    icoCobChangeType                         0x08018b75   Thumb Code    34  co_cobhandler.o(.text)
    icoCobSetInhibit                         0x08018b97   Thumb Code    46  co_cobhandler.o(.text)
    icoCobSetIgnore                          0x08018bc5   Thumb Code    34  co_cobhandler.o(.text)
    icoCobGet                                0x08018be7   Thumb Code    78  co_cobhandler.o(.text)
    icoCobEnable                             0x08018c35   Thumb Code    36  co_cobhandler.o(.text)
    icoCobDisable                            0x08018c59   Thumb Code    36  co_cobhandler.o(.text)
    icoCobGetPointer                         0x08018c7d   Thumb Code    30  co_cobhandler.o(.text)
    icoCobCheck                              0x08018c9b   Thumb Code   100  co_cobhandler.o(.text)
    icoCobDisableAll                         0x08018cff   Thumb Code    26  co_cobhandler.o(.text)
    icoCheckRestrictedCobs                   0x08018d19   Thumb Code    54  co_cobhandler.o(.text)
    icoCobHandlerVarInit                     0x08018d4f   Thumb Code     8  co_cobhandler.o(.text)
    coCommTask                               0x08018e2b   Thumb Code    16  co_commtask.o(.text)
    coCommTaskSet                            0x08018e3b   Thumb Code    40  co_commtask.o(.text)
    coCommStateEvent                         0x08018e63   Thumb Code   202  co_commtask.o(.text)
    icoCommTaskVarInit                       0x08018f2d   Thumb Code    42  co_commtask.o(.text)
    coEventRegister_CAN_STATE                0x08018f57   Thumb Code    36  co_commtask.o(.text)
    coEventRegister_COMM_EVENT               0x08018f7b   Thumb Code    36  co_commtask.o(.text)
    coEmcyWriteReq                           0x08018fcd   Thumb Code   268  co_emcy.o(.text)
    icoEmcyWriteReq                          0x080190d9   Thumb Code    20  co_emcy.o(.text)
    icoEmcyGetObjectAddr                     0x080190ed   Thumb Code    66  co_emcy.o(.text)
    icoEmcyCheckObjLimitCobid                0x0801912f   Thumb Code    76  co_emcy.o(.text)
    icoEmcyObjChanged                        0x0801917b   Thumb Code    78  co_emcy.o(.text)
    icoEmcyCheckObjLimitHist                 0x080191c9   Thumb Code    22  co_emcy.o(.text)
    icoEmcyReset                             0x080191df   Thumb Code    20  co_emcy.o(.text)
    icoEmcyProducerSetDefaultValue           0x080191f3   Thumb Code    86  co_emcy.o(.text)
    coEmcyProducerInit                       0x08019249   Thumb Code    36  co_emcy.o(.text)
    icoEmcyVarInit                           0x0801926d   Thumb Code    26  co_emcy.o(.text)
    coHbConsumerSet                          0x08019303   Thumb Code   138  co_errctrl.o(.text)
    icoErrorBehavior                         0x0801938d   Thumb Code    44  co_errctrl.o(.text)
    icoErrCtrlInd                            0x080193b9   Thumb Code    42  co_errctrl.o(.text)
    coHbConsumerStart                        0x08019409   Thumb Code   116  co_errctrl.o(.text)
    icoHbProdStart                           0x08019499   Thumb Code    56  co_errctrl.o(.text)
    icoNmtErrorCtrlHandler                   0x080194d1   Thumb Code   264  co_errctrl.o(.text)
    coNmtGetRemoteNodeState                  0x080195d9   Thumb Code    80  co_errctrl.o(.text)
    icoErrCtrlGetObjectAddr                  0x08019629   Thumb Code    58  co_errctrl.o(.text)
    icoErrCtrlCheckObjLimit                  0x08019663   Thumb Code   134  co_errctrl.o(.text)
    icoErrCtrlObjChanged                     0x080196e9   Thumb Code    50  co_errctrl.o(.text)
    coEventRegister_ERRCTRL                  0x0801971b   Thumb Code    36  co_errctrl.o(.text)
    icoErrorCtrlReset                        0x0801973f   Thumb Code    76  co_errctrl.o(.text)
    icoErrorCtrlSetDefaultValue              0x0801978b   Thumb Code   104  co_errctrl.o(.text)
    icoErrorCtrlVarInit                      0x080197f3   Thumb Code    56  co_errctrl.o(.text)
    coErrorCtrlInit                          0x0801982b   Thumb Code   120  co_errctrl.o(.text)
    icoEventStart                            0x080198bd   Thumb Code    58  co_event.o(.text)
    icoEventIsActive                         0x080198f7   Thumb Code    26  co_event.o(.text)
    icoEventCheck                            0x08019911   Thumb Code    40  co_event.o(.text)
    icoEventInit                             0x08019939   Thumb Code     8  co_event.o(.text)
    coLssNonConfigSlave                      0x08019f3b   Thumb Code    46  co_lss.o(.text)
    icoLssHandler                            0x08019f69   Thumb Code   226  co_lss.o(.text)
    coEventRegister_LSS                      0x0801a04b   Thumb Code    36  co_lss.o(.text)
    icoLssReset                              0x0801a06f   Thumb Code    44  co_lss.o(.text)
    icoLssResetNodeId                        0x0801a09b   Thumb Code    18  co_lss.o(.text)
    icoLssResetAppl                          0x0801a0ad   Thumb Code    12  co_lss.o(.text)
    icoLssVarInit                            0x0801a0b9   Thumb Code    26  co_lss.o(.text)
    coLssInit                                0x0801a0d3   Thumb Code    76  co_lss.o(.text)
    icoNmtStateChange                        0x0801a149   Thumb Code   124  co_nmt.o(.text)
    icoNmtPersistantNodeIdGet                0x0801a1e5   Thumb Code    22  co_nmt.o(.text)
    icoNmtMsgHandler                         0x0801a2af   Thumb Code   170  co_nmt.o(.text)
    coEventRegister_NMT                      0x0801a359   Thumb Code    36  co_nmt.o(.text)
    coNmtGetNodeId                           0x0801a37d   Thumb Code     6  co_nmt.o(.text)
    icoNmtGetCob                             0x0801a383   Thumb Code     6  co_nmt.o(.text)
    icoNmtResetNodeId                        0x0801a389   Thumb Code    36  co_nmt.o(.text)
    coNmtGetState                            0x0801a3ad   Thumb Code     6  co_nmt.o(.text)
    coNmtLocalStateReq                       0x0801a3b3   Thumb Code    96  co_nmt.o(.text)
    icoNmtVarInit                            0x0801a413   Thumb Code    40  co_nmt.o(.text)
    coNmtInit                                0x0801a43b   Thumb Code    86  co_nmt.o(.text)
    coNumMemcpyPack                          0x0801a4ad   Thumb Code    58  co_odaccess.o(.text)
    coNumMemcpyUnpack                        0x0801a4e7   Thumb Code    52  co_odaccess.o(.text)
    coNumMemcpy                              0x0801a51b   Thumb Code    34  co_odaccess.o(.text)
    icoEventObjectChanged                    0x0801a53d   Thumb Code   156  co_odaccess.o(.text)
    coOdGetObjSize                           0x0801a5d9   Thumb Code   466  co_odaccess.o(.text)
    icoOdPutObj                              0x0801aab5   Thumb Code   218  co_odaccess.o(.text)
    coOdGetObjDescPtr                        0x0801ad6d   Thumb Code    94  co_odaccess.o(.text)
    coOdPutObj_u32                           0x0801adcb   Thumb Code   222  co_odaccess.o(.text)
    coOdSetCobid                             0x0801aea9   Thumb Code    44  co_odaccess.o(.text)
    coOdGetObjAddr                           0x0801aed5   Thumb Code    36  co_odaccess.o(.text)
    icoOdGetObj                              0x0801afcd   Thumb Code   132  co_odaccess.o(.text)
    coOdGetObj_u8                            0x0801b051   Thumb Code   176  co_odaccess.o(.text)
    coOdGetObj_u16                           0x0801b101   Thumb Code   132  co_odaccess.o(.text)
    coOdGetObj_u32                           0x0801b185   Thumb Code   212  co_odaccess.o(.text)
    coOdGetObj_i8                            0x0801b259   Thumb Code    82  co_odaccess.o(.text)
    coOdGetObj_i16                           0x0801b2ab   Thumb Code    82  co_odaccess.o(.text)
    coOdGetObj_i32                           0x0801b2fd   Thumb Code    82  co_odaccess.o(.text)
    coOdGetObj_r32                           0x0801b34f   Thumb Code    82  co_odaccess.o(.text)
    coOdPutObj_u8                            0x0801b473   Thumb Code   228  co_odaccess.o(.text)
    coOdPutObj_u16                           0x0801b609   Thumb Code   180  co_odaccess.o(.text)
    coOdPutObj_i8                            0x0801b6bd   Thumb Code    98  co_odaccess.o(.text)
    coOdPutObj_i16                           0x0801b71f   Thumb Code    98  co_odaccess.o(.text)
    coOdPutObj_i32                           0x0801b781   Thumb Code   110  co_odaccess.o(.text)
    coOdPutObj_r32                           0x0801b7ef   Thumb Code   102  co_odaccess.o(.text)
    coOdGetObjAttribute                      0x0801b855   Thumb Code     6  co_odaccess.o(.text)
    coOdDomainAddrSet                        0x0801b85b   Thumb Code    72  co_odaccess.o(.text)
    coOdVisStringSet                         0x0801b8a3   Thumb Code    72  co_odaccess.o(.text)
    icoOdCheckObjLimits                      0x0801ba4d   Thumb Code   280  co_odaccess.o(.text)
    icoOdGetObjRecMapData                    0x0801bb65   Thumb Code   180  co_odaccess.o(.text)
    icoOdGetObjTrMapData                     0x0801bc19   Thumb Code   148  co_odaccess.o(.text)
    icoOdCheckObjAttr                        0x0801bcad   Thumb Code    60  co_odaccess.o(.text)
    coOdGetDefaultVal_u8                     0x0801bce9   Thumb Code   148  co_odaccess.o(.text)
    coOdGetDefaultVal_u16                    0x0801bd7d   Thumb Code   114  co_odaccess.o(.text)
    coOdGetDefaultVal_u32                    0x0801bdef   Thumb Code   158  co_odaccess.o(.text)
    icoOdGetNumberOfSubs                     0x0801be8d   Thumb Code    46  co_odaccess.o(.text)
    icoOdSetLoadParaState                    0x0801bebb   Thumb Code     6  co_odaccess.o(.text)
    icoOdReset                               0x0801bec1   Thumb Code   862  co_odaccess.o(.text)
    icoOdAccessVarInit                       0x0801c21f   Thumb Code   124  co_odaccess.o(.text)
    coOdInitOdPtr                            0x0801c29b   Thumb Code   336  co_odaccess.o(.text)
    icoPdoSearchTrPdoIndex                   0x0801c4fd   Thumb Code    52  co_pdo.o(.text)
    coPdoReqNr                               0x0801c531   Thumb Code   104  co_pdo.o(.text)
    coPdoReqObj                              0x0801c599   Thumb Code   166  co_pdo.o(.text)
    icoPdoRtrHandler                         0x0801c63f   Thumb Code    76  co_pdo.o(.text)
    icoPdoSyncHandling                       0x0801c68b   Thumb Code   154  co_pdo.o(.text)
    icoTrPdoGetObjectAddr                    0x0801c725   Thumb Code    74  co_pdo.o(.text)
    icoTrMapGetObjectAddr                    0x0801c76f   Thumb Code    54  co_pdo.o(.text)
    icoTrMapGetObjectAddr_R                  0x0801c7a5   Thumb Code    54  co_pdo.o(.text)
    icoTrPdoCheckObjLimit_u8                 0x0801c7db   Thumb Code    76  co_pdo.o(.text)
    icoTrPdoCheckObjLimit_u16                0x0801c827   Thumb Code    52  co_pdo.o(.text)
    icoTrPdoCheckObjLimitCobid               0x0801c85b   Thumb Code    78  co_pdo.o(.text)
    icoTrMapCheckObjLimitMapTable            0x0801c959   Thumb Code    72  co_pdo.o(.text)
    icoTrMapCheckObjLimitMapEntry            0x0801c9a1   Thumb Code    76  co_pdo.o(.text)
    icoTrPdoObjChanged                       0x0801ca87   Thumb Code   148  co_pdo.o(.text)
    icoTrPdoMapChanged                       0x0801cb1b   Thumb Code    24  co_pdo.o(.text)
    icoPdoOperational                        0x0801cb33   Thumb Code    48  co_pdo.o(.text)
    icoPdoPreOperational                     0x0801cb63   Thumb Code    40  co_pdo.o(.text)
    icoPdoReset                              0x0801cb8b   Thumb Code    80  co_pdo.o(.text)
    icoPdoSetDefaultValue                    0x0801cbdb   Thumb Code   230  co_pdo.o(.text)
    icoPdoVarInit                            0x0801ccc1   Thumb Code     8  co_pdo.o(.text)
    coPdoTransmitInit                        0x0801ccc9   Thumb Code   210  co_pdo.o(.text)
    icoQueueGetReceiveMessage                0x0801cda9   Thumb Code   190  co_queue.o(.text)
    coQueueReceiveMessageAvailable           0x0801ce67   Thumb Code    20  co_queue.o(.text)
    coQueueGetReceiveBuffer                  0x0801ce7b   Thumb Code    44  co_queue.o(.text)
    coQueueReceiveBufferIsFilled             0x0801cea7   Thumb Code    50  co_queue.o(.text)
    icoTransmitMessage                       0x0801cf91   Thumb Code   346  co_queue.o(.text)
    icoQueueInhibitActive                    0x0801d0eb   Thumb Code    60  co_queue.o(.text)
    coQueueGetNextTransmitMessage            0x0801d189   Thumb Code    84  co_queue.o(.text)
    coQueueMsgTransmitted                    0x0801d1dd   Thumb Code    10  co_queue.o(.text)
    icoQueueHandler                          0x0801d1f5   Thumb Code   156  co_queue.o(.text)
    icoQueueDeleteInhibit                    0x0801d291   Thumb Code    36  co_queue.o(.text)
    icoQueueDisable                          0x0801d2b5   Thumb Code    12  co_queue.o(.text)
    coQueueInit                              0x0801d2c1   Thumb Code    80  co_queue.o(.text)
    icoQueueVarInit                          0x0801d311   Thumb Code    36  co_queue.o(.text)
    icoSdoDeCodeMultiplexer                  0x0801d369   Thumb Code    16  co_sdoserv.o(.text)
    icoSdoServerAbort                        0x0801d379   Thumb Code   108  co_sdoserv.o(.text)
    icoSdoCheckUserReadInd                   0x0801d52d   Thumb Code   104  co_sdoserv.o(.text)
    icoSdoCheckUserWriteInd                  0x0801d67b   Thumb Code   100  co_sdoserv.o(.text)
    icoSdoCheckUserCheckWriteInd             0x0801d7d9   Thumb Code    98  co_sdoserv.o(.text)
    icoSdoServerHandler                      0x0801d9f5   Thumb Code   174  co_sdoserv.o(.text)
    icoSdoServerPtr                          0x0801dacf   Thumb Code    34  co_sdoserv.o(.text)
    coEventRegister_SDO_SERVER_READ          0x0801daf1   Thumb Code    36  co_sdoserv.o(.text)
    coEventRegister_SDO_SERVER_CHECK_WRITE   0x0801db15   Thumb Code    36  co_sdoserv.o(.text)
    coEventRegister_SDO_SERVER_WRITE         0x0801db39   Thumb Code    36  co_sdoserv.o(.text)
    icoSdoDomainUserWriteInd                 0x0801db5d   Thumb Code     2  co_sdoserv.o(.text)
    icoSdoGetObjectAddr                      0x0801db5f   Thumb Code   130  co_sdoserv.o(.text)
    icoSdoCheckObjLimitNode                  0x0801dbe1   Thumb Code    30  co_sdoserv.o(.text)
    icoSdoCheckObjLimitCobId                 0x0801dbff   Thumb Code   156  co_sdoserv.o(.text)
    icoSdoObjChanged                         0x0801dc9b   Thumb Code   118  co_sdoserv.o(.text)
    icoSdoServerReset                        0x0801dd11   Thumb Code   140  co_sdoserv.o(.text)
    icoSdoServerSetDefaultValue              0x0801dd9d   Thumb Code   134  co_sdoserv.o(.text)
    icoSdoServerVarInit                      0x0801de23   Thumb Code    34  co_sdoserv.o(.text)
    coSdoServerInit                          0x0801de45   Thumb Code   140  co_sdoserv.o(.text)
    coSleepModeStart                         0x0801df67   Thumb Code    40  co_sleep.o(.text)
    icoSleepMsgHandler                       0x0801df8f   Thumb Code   138  co_sleep.o(.text)
    coSleepWakeUp                            0x0801e03d   Thumb Code   118  co_sleep.o(.text)
    coSleepAwake                             0x0801e0b3   Thumb Code    38  co_sleep.o(.text)
    coSleepModeActive                        0x0801e0d9   Thumb Code     6  co_sleep.o(.text)
    coSleepRequestSleep                      0x0801e0df   Thumb Code    28  co_sleep.o(.text)
    coEventRegister_SLEEP                    0x0801e0fb   Thumb Code    36  co_sleep.o(.text)
    icoSleepReset                            0x0801e11f   Thumb Code    56  co_sleep.o(.text)
    icoSleepVarInit                          0x0801e157   Thumb Code    30  co_sleep.o(.text)
    icoSleepInit                             0x0801e175   Thumb Code   136  co_sleep.o(.text)
    coCanOpenStackVarInit                    0x0801e231   Thumb Code    82  co_stackinit.o(.text)
    icoStoreLoadReq                          0x0801e285   Thumb Code    50  co_store.o(.text)
    coEventRegister_LOAD_PARA                0x0801e2b7   Thumb Code    42  co_store.o(.text)
    icoSyncHandler                           0x0801e325   Thumb Code    24  co_sync.o(.text)
    icoSyncGetObjectAddr                     0x0801e39b   Thumb Code    48  co_sync.o(.text)
    icoSyncCheckObjLimit_u8                  0x0801e3cb   Thumb Code    36  co_sync.o(.text)
    icoSyncCheckObjLimit_u32                 0x0801e3ef   Thumb Code    70  co_sync.o(.text)
    icoSyncObjChanged                        0x0801e435   Thumb Code   214  co_sync.o(.text)
    coEventRegister_SYNC                     0x0801e50b   Thumb Code    42  co_sync.o(.text)
    coEventRegister_SYNC_FINISHED            0x0801e535   Thumb Code    36  co_sync.o(.text)
    icoSyncReset                             0x0801e559   Thumb Code    12  co_sync.o(.text)
    icoSyncVarInit                           0x0801e565   Thumb Code    48  co_sync.o(.text)
    icoSyncSetDefaultValue                   0x0801e595   Thumb Code   102  co_sync.o(.text)
    coSyncInit                               0x0801e5fb   Thumb Code    60  co_sync.o(.text)
    coTimerStop                              0x0801e6cd   Thumb Code    48  co_timer.o(.text)
    coTimerStart                             0x0801e6fd   Thumb Code    92  co_timer.o(.text)
    coTimerIsActive                          0x0801e759   Thumb Code    26  co_timer.o(.text)
    coTimerAttrChange                        0x0801e773   Thumb Code     4  co_timer.o(.text)
    coTimerTick                              0x0801e777   Thumb Code    20  co_timer.o(.text)
    icoTimerCheck                            0x0801e78b   Thumb Code   126  co_timer.o(.text)
    coTimerInit                              0x0801e809   Thumb Code    16  co_timer.o(.text)
    codrvCanEnable                           0x0801e827   Thumb Code     4  codrv_can_generic.o(.text)
    codrvCanDisable                          0x0801e857   Thumb Code    10  codrv_can_generic.o(.text)
    codrvCanSetBitRate                       0x0801e861   Thumb Code    40  codrv_can_generic.o(.text)
    codrvCanInit                             0x0801e8b3   Thumb Code    16  codrv_can_generic.o(.text)
    codrvCanReInit                           0x0801e8c3   Thumb Code    16  codrv_can_generic.o(.text)
    codrvCanTransmitInterrupt                0x0801e8f1   Thumb Code    52  codrv_can_generic.o(.text)
    codrvCanStartTransmission                0x0801e925   Thumb Code    16  codrv_can_generic.o(.text)
    codrvCanReceiveInterrupt                 0x0801e935   Thumb Code    68  codrv_can_generic.o(.text)
    codrvCanDriverHandler                    0x0801e9a5   Thumb Code    12  codrv_can_generic.o(.text)
    codrvHardwareCanInit                     0x0801e9c1   Thumb Code     2  codrv_cpu_generic.o(.text)
    codrvHardwareInit                        0x0801e9c3   Thumb Code     8  codrv_cpu_generic.o(.text)
    codrvCanEnableInterrupt                  0x0801e9cb   Thumb Code     2  codrv_cpu_generic.o(.text)
    codrvCanDisableInterrupt                 0x0801e9cd   Thumb Code     2  codrv_cpu_generic.o(.text)
    codrvCanSetTxInterrupt                   0x0801e9cf   Thumb Code     2  codrv_cpu_generic.o(.text)
    codrvTimerSetup                          0x0801e9d1   Thumb Code     6  codrv_cpu_generic.o(.text)
    codrvTimerISR                            0x0801e9d7   Thumb Code     8  codrv_cpu_generic.o(.text)
    codrvCanErrorGetFlags                    0x0801e9e1   Thumb Code     4  codrv_error.o(.text)
    codrvCanErrorInit                        0x0801e9e5   Thumb Code    22  codrv_error.o(.text)
    codrvCanErrorInformStack                 0x0801e9fb   Thumb Code   194  codrv_error.o(.text)
    ebBatteryStateChange                     0x0801eac1   Thumb Code   252  eb_battery.o(.text)
    ebBatteryStateTransition                 0x0801ebbd   Thumb Code    52  eb_battery.o(.text)
    ebRegister_BAT_STATE                     0x0801ebf1   Thumb Code    24  eb_battery.o(.text)
    ebRegister_EEPROM                        0x0801ec19   Thumb Code    30  eb_eeprom.o(.text)
    iebEepromLoad                            0x0801ec37   Thumb Code    48  eb_eeprom.o(.text)
    iebEepromSave                            0x0801ec67   Thumb Code    48  eb_eeprom.o(.text)
    ebFrameworkInit                          0x0801eca1   Thumb Code   154  eb_framework.o(.text)
    iebGetPdoMessageOffs                     0x0801ed3b   Thumb Code   174  eb_framework.o(.text)
    iebUpdateDeviceTPdos                     0x0801ede9   Thumb Code   116  eb_framework.o(.text)
    iebUpdateStandardTPdos                   0x0801ee5d   Thumb Code   136  eb_framework.o(.text)
    iebGetDevIdxFromSubIndex                 0x0801eee5   Thumb Code    16  eb_framework.o(.text)
    ebGetEbDataPtr                           0x0801eef5   Thumb Code    68  eb_framework.o(.text)
    ebRequestEbDataRead                      0x0801ef8b   Thumb Code    76  eb_framework.o(.text)
    ebRequestEbDataWrite                     0x0801efd7   Thumb Code   102  eb_framework.o(.text)
    ebRequestObjectRead                      0x0801f03d   Thumb Code    76  eb_framework.o(.text)
    ebRequestObjectWrite                     0x0801f089   Thumb Code   126  eb_framework.o(.text)
    ebRequestNodeId                          0x0801f107   Thumb Code    58  eb_framework.o(.text)
    ebSetupRecPdoMSN_1                       0x0801f1ff   Thumb Code    70  eb_framework.o(.text)
    ebSetupRecPdoMSN_2                       0x0801f245   Thumb Code    44  eb_framework.o(.text)
    ebSetupRecPdoMSN_3                       0x0801f271   Thumb Code    52  eb_framework.o(.text)
    iebResponseTransferData                  0x0801f317   Thumb Code    94  eb_framework.o(.text)
    iebSleepInd                              0x0801f385   Thumb Code    98  eb_indication.o(.text)
    iebIndInit                               0x0801f5f7   Thumb Code    92  eb_indication.o(.text)
    ebRegister_NMT                           0x0801f653   Thumb Code    20  eb_indication.o(.text)
    ebRegister_EBCMON                        0x0801f667   Thumb Code    20  eb_indication.o(.text)
    ebRegister_ERRCTRL                       0x0801f67b   Thumb Code    20  eb_indication.o(.text)
    ebRegister_SYNC                          0x0801f68f   Thumb Code    20  eb_indication.o(.text)
    ebRegister_SYNC_FINISHED                 0x0801f6a3   Thumb Code    20  eb_indication.o(.text)
    ebRegister_STATE                         0x0801f6b7   Thumb Code    24  eb_indication.o(.text)
    ebRegister_SDO_WRITE                     0x0801f6cf   Thumb Code    20  eb_indication.o(.text)
    ebRegister_SDO_READ                      0x0801f6e3   Thumb Code    20  eb_indication.o(.text)
    ebRegister_PDO                           0x0801f6f7   Thumb Code    20  eb_indication.o(.text)
    ebRegister_COMM_EVENT                    0x0801f70b   Thumb Code    22  eb_indication.o(.text)
    ebRegister_CAN_STATE                     0x0801f721   Thumb Code    22  eb_indication.o(.text)
    ebRegister_SLEEP                         0x0801f737   Thumb Code    20  eb_indication.o(.text)
    iebLoadIndInit                           0x0801f74b   Thumb Code     6  eb_indication.o(.text)
    iebLoadInd                               0x0801f751   Thumb Code    28  eb_indication.o(.text)
    ebSleepAwake                             0x0801f76d   Thumb Code    44  eb_indication.o(.text)
    iebStateCheckChange                      0x0801f87d   Thumb Code   198  eb_state.o(.text)
    ebStateChange                            0x0801f943   Thumb Code   316  eb_state.o(.text)
    ebStateTransition                        0x0801fa7f   Thumb Code    94  eb_state.o(.text)
    iebStateCheckTransition                  0x0801fadd   Thumb Code    52  eb_state.o(.text)
    iebStateSetIndication                    0x0801fb11   Thumb Code    24  eb_state.o(.text)
    coCanOpenStackInit                       0x0801fb4d   Thumb Code   260  gen_objdict.o(.text)
    indNmt                                   0x0801fc79   Thumb Code     2  usr_ind.o(.text)
    indEbcMon                                0x0801fc7b   Thumb Code    14  usr_ind.o(.text)
    indEbState                               0x0801fc89   Thumb Code     2  usr_ind.o(.text)
    indEbCheckState                          0x0801fc8b   Thumb Code     6  usr_ind.o(.text)
    indBatState                              0x0801fc91   Thumb Code     2  usr_ind.o(.text)
    indBatCheckState                         0x0801fc93   Thumb Code     6  usr_ind.o(.text)
    indSdoWrite                              0x0801fc99   Thumb Code     2  usr_ind.o(.text)
    indCanState                              0x0801fc9b   Thumb Code     2  usr_ind.o(.text)
    indErrorHandler                          0x0801fc9d   Thumb Code     2  usr_ind.o(.text)
    eepromWriteInd                           0x0801fc9f   Thumb Code     6  usr_ind.o(.text)
    eepromReadInd                            0x0801fca5   Thumb Code     6  usr_ind.o(.text)
    sleepInd                                 0x0801fcab   Thumb Code     6  usr_ind.o(.text)
    __aeabi_uldivmod                         0x0801fcb1   Thumb Code    98  uldiv.o(.text)
    __aeabi_memcpy                           0x0801fd13   Thumb Code    36  memcpya.o(.text)
    __aeabi_memcpy4                          0x0801fd13   Thumb Code     0  memcpya.o(.text)
    __aeabi_memcpy8                          0x0801fd13   Thumb Code     0  memcpya.o(.text)
    __aeabi_memset                           0x0801fd37   Thumb Code    14  memseta.o(.text)
    __aeabi_memset4                          0x0801fd37   Thumb Code     0  memseta.o(.text)
    __aeabi_memset8                          0x0801fd37   Thumb Code     0  memseta.o(.text)
    __aeabi_memclr                           0x0801fd45   Thumb Code     4  memseta.o(.text)
    __aeabi_memclr4                          0x0801fd45   Thumb Code     0  memseta.o(.text)
    __aeabi_memclr8                          0x0801fd45   Thumb Code     0  memseta.o(.text)
    _memset$wrapper                          0x0801fd49   Thumb Code    20  memseta.o(.text)
    strcat                                   0x0801fd5d   Thumb Code    28  strcat.o(.text)
    strlen                                   0x0801fd79   Thumb Code    16  strlen.o(.text)
    strcmp                                   0x0801fd89   Thumb Code    28  strcmp.o(.text)
    memcmp                                   0x0801fda5   Thumb Code    26  memcmp.o(.text)
    strcpy                                   0x0801fdbf   Thumb Code    18  strcpy.o(.text)
    strncmp                                  0x0801fdd1   Thumb Code    30  strncmp.o(.text)
    __aeabi_dmul                             0x0801fdef   Thumb Code   224  dmul.o(.text)
    __aeabi_ddiv                             0x0801fecf   Thumb Code   222  ddiv.o(.text)
    __aeabi_ui2d                             0x0801ffad   Thumb Code    26  dfltui.o(.text)
    __aeabi_f2d                              0x0801ffc7   Thumb Code    44  f2d.o(.text)
    __aeabi_d2f                              0x0801fff3   Thumb Code    56  d2f.o(.text)
    __aeabi_uidiv                            0x0802002b   Thumb Code     0  uidiv.o(.text)
    __aeabi_uidivmod                         0x0802002b   Thumb Code    44  uidiv.o(.text)
    __aeabi_llsl                             0x08020057   Thumb Code    30  llshl.o(.text)
    _ll_shift_l                              0x08020057   Thumb Code     0  llshl.o(.text)
    __aeabi_llsr                             0x08020075   Thumb Code    32  llushr.o(.text)
    _ll_ushift_r                             0x08020075   Thumb Code     0  llushr.o(.text)
    __I$use$fp                               0x08020095   Thumb Code     0  iusefp.o(.text)
    _float_round                             0x08020095   Thumb Code    18  fepilogue.o(.text)
    _float_epilogue                          0x080200a7   Thumb Code    90  fepilogue.o(.text)
    _double_round                            0x08020101   Thumb Code    26  depilogue.o(.text)
    _double_epilogue                         0x0802011b   Thumb Code   164  depilogue.o(.text)
    __aeabi_dadd                             0x080201bf   Thumb Code   320  dadd.o(.text)
    __aeabi_dsub                             0x080202ff   Thumb Code     6  dadd.o(.text)
    __aeabi_drsub                            0x08020305   Thumb Code     6  dadd.o(.text)
    __aeabi_d2ulz                            0x0802030b   Thumb Code    48  dfixul.o(.text)
    __aeabi_cdrcmple                         0x0802033d   Thumb Code    38  cdrcmple.o(.text)
    __scatterload                            0x08020365   Thumb Code    28  init.o(.text)
    __scatterload_rt2                        0x08020365   Thumb Code     0  init.o(.text)
    __aeabi_lasr                             0x08020389   Thumb Code    36  llsshr.o(.text)
    _ll_sshift_r                             0x08020389   Thumb Code     0  llsshr.o(.text)
    __decompress                             0x080203ad   Thumb Code     0  __dclz77c.o(.text)
    __decompress2                            0x080203ad   Thumb Code    96  __dclz77c.o(.text)
    __0sprintf                               0x0802040d   Thumb Code    34  printfa.o(i.__0sprintf)
    __1sprintf                               0x0802040d   Thumb Code     0  printfa.o(i.__0sprintf)
    __2sprintf                               0x0802040d   Thumb Code     0  printfa.o(i.__0sprintf)
    __c89sprintf                             0x0802040d   Thumb Code     0  printfa.o(i.__0sprintf)
    sprintf                                  0x0802040d   Thumb Code     0  printfa.o(i.__0sprintf)
    __scatterload_copy                       0x08020435   Thumb Code    14  handlers.o(i.__scatterload_copy)
    __scatterload_null                       0x08020443   Thumb Code     2  handlers.o(i.__scatterload_null)
    __scatterload_zeroinit                   0x08020445   Thumb Code    14  handlers.o(i.__scatterload_zeroinit)
    CAN_baud_table                           0x08027d7c   Data         360  bsp_can.o(.constdata)
    OSUnMapTbl                               0x08027ee4   Data         256  os_core.o(.constdata)
    ip_addr_any                              0x08027fe4   Data           4  ip_addr.o(.constdata)
    ip_addr_broadcast                        0x08027fe8   Data           4  ip_addr.o(.constdata)
    tcp_backoff                              0x08028010   Data          13  tcp.o(.constdata)
    tcp_persist_backoff                      0x0802801d   Data           7  tcp.o(.constdata)
    ethbroadcast                             0x08028024   Data           6  etharp.o(.constdata)
    ethzero                                  0x0802802a   Data           6  etharp.o(.constdata)
    batTransTable                            0x080281c8   Data          24  eb_battery.o(.constdata)
    pdoAssign                                0x080281e0   Data         168  eb_framework.o(.constdata)
    transTable                               0x08028288   Data          24  eb_state.o(.constdata)
    od_description                           0x08028488   Data        2184  gen_objdict.o(.constdata)
    od_assign                                0x08028d10   Data         456  gen_objdict.o(.constdata)
    od_data_variables                        0x08028f74   Data         116  gen_objdict.o(.constdata)
    Region$$Table$$Base                      0x080290d4   Number         0  anon$$obj.o(Region$$Table)
    Region$$Table$$Limit                     0x080290f4   Number         0  anon$$obj.o(Region$$Table)
    main_loop_count                          0x20000000   Data           4  main.o(.data)
    sem_RS232_rec_flag                       0x20000004   Data           4  task_test.o(.data)
    sem_CAN1_rec_flag                        0x20000028   Data           4  task_can1.o(.data)
    sem_CAN2_rec_flag                        0x20000048   Data           4  task_can2.o(.data)
    sem_CAN2_send_flag                       0x2000004c   Data           4  task_can2.o(.data)
    c2_d                                     0x20000050   Data           8  task_can2.o(.data)
    i                                        0x20000058   Data           4  task_adc.o(.data)
    Temprature_Table                         0x2000005c   Data         120  task_adc.o(.data)
    temp_table_JT103                         0x200000d4   Data          72  task_adc.o(.data)
    f_curr_adc_0                             0x2000011c   Data           4  task_adc.o(.data)
    sem_U4_rec_flag                          0x20000120   Data           4  task_avchg.o(.data)
    vcuInfo                                  0x20000134   Data           4  task_main.o(.data)
    gBOpMd                                   0x20000138   Data           1  task_main.o(.data)
    gWkSrc                                   0x20000139   Data           1  task_main.o(.data)
    main_task_timer                          0x2000013c   Data           4  task_main.o(.data)
    mTsk_rt                                  0x20000140   Data           4  task_main.o(.data)
    fault_flag                               0x20000144   Data           4  task_syscheck.o(.data)
    sem_vcu_can_rev                          0x20000150   Data           4  task_syscheck.o(.data)
    sem_bmu_can_rev                          0x20000154   Data           4  task_syscheck.o(.data)
    sem_fault_clr                            0x20000158   Data           4  task_syscheck.o(.data)
    TCPTimer                                 0x20000160   Data           4  netconf.o(.data)
    ARPTimer                                 0x20000164   Data           4  netconf.o(.data)
    IPaddress                                0x20000168   Data           4  netconf.o(.data)
    data_STM32F407ADC_html                   0x2000016c   Data        3511  httpd.o(.data)
    file_STM32F407ADC_html                   0x20000f24   Data          16  httpd.o(.data)
    file_BSCMain_html                        0x20000f34   Data          16  httpd.o(.data)
    C1_wait_num                              0x20000f44   Data           1  bsp_can.o(.data)
    C2_wait_num                              0x20000f45   Data           1  bsp_can.o(.data)
    can1_rec_flag                            0x20000f46   Data           1  bsp_can.o(.data)
    can2_rec_flag                            0x20000f47   Data           1  bsp_can.o(.data)
    CAN2_data                                0x20000f4a   Data           8  bsp_can.o(.data)
    dma_trig_cnt                             0x20000f54   Data           4  bsp_adc.o(.data)
    ADC_dma_ready_flag                       0x20000f58   Data           1  bsp_adc.o(.data)
    RS232_REC_Flag                           0x20000f5c   Data           1  bsp_sci.o(.data)
    RS232_rec_counter                        0x20000f60   Data           4  bsp_sci.o(.data)
    RS232_send_data_length                   0x20000f64   Data           2  bsp_sci.o(.data)
    U4_REC_Flag                              0x20000f66   Data           1  bsp_sci.o(.data)
    U4_rec_counter                           0x20000f68   Data           4  bsp_sci.o(.data)
    U4_send_data_length                      0x20000f6c   Data           2  bsp_sci.o(.data)
    NVIC_InitStructure                       0x20000f6e   Data           4  bsp_sci.o(.data)
    RS232_dma_send_flag                      0x20000f72   Data           1  dma.o(.data)
    U4_dma_send_flag                         0x20000f73   Data           1  dma.o(.data)
    RecvLen                                  0x20000f7c   Data           2  bsp_wifi.o(.data)
    SystemCoreClock                          0x20000f90   Data           4  system_stm32f4xx.o(.data)
    AHBPrescTable                            0x20000f94   Data          16  system_stm32f4xx.o(.data)
    OSCtxSwCtr                               0x20000fa4   Data           4  os_core.o(.data)
    OSEventFreeList                          0x20000fa8   Data           4  os_core.o(.data)
    OSFlagFreeList                           0x20000fac   Data           4  os_core.o(.data)
    OSCPUUsage                               0x20000fb0   Data           1  os_core.o(.data)
    OSIdleCtrMax                             0x20000fb4   Data           4  os_core.o(.data)
    OSIdleCtrRun                             0x20000fb8   Data           4  os_core.o(.data)
    OSStatRdy                                0x20000fbc   Data           1  os_core.o(.data)
    OSIntNesting                             0x20000fbd   Data           1  os_core.o(.data)
    OSLockNesting                            0x20000fbe   Data           1  os_core.o(.data)
    OSPrioCur                                0x20000fbf   Data           1  os_core.o(.data)
    OSPrioHighRdy                            0x20000fc0   Data           1  os_core.o(.data)
    OSRdyGrp                                 0x20000fc1   Data           1  os_core.o(.data)
    OSRdyTbl                                 0x20000fc2   Data           8  os_core.o(.data)
    OSRunning                                0x20000fca   Data           1  os_core.o(.data)
    OSTaskCtr                                0x20000fcb   Data           1  os_core.o(.data)
    OSIdleCtr                                0x20000fcc   Data           4  os_core.o(.data)
    OSTCBCur                                 0x20000fd0   Data           4  os_core.o(.data)
    OSTCBFreeList                            0x20000fd4   Data           4  os_core.o(.data)
    OSTCBHighRdy                             0x20000fd8   Data           4  os_core.o(.data)
    OSTCBList                                0x20000fdc   Data           4  os_core.o(.data)
    OSTickStepState                          0x20000fe0   Data           1  os_core.o(.data)
    OSMemFreeList                            0x20000fe4   Data           4  os_core.o(.data)
    OSQFreeList                              0x20000fe8   Data           4  os_core.o(.data)
    OSTime                                   0x20000fec   Data           4  os_core.o(.data)
    current_netif                            0x20000ff4   Data           4  ip.o(.data)
    current_header                           0x20000ff8   Data           4  ip.o(.data)
    netif_list                               0x2000101c   Data           4  netif.o(.data)
    netif_default                            0x20001020   Data           4  netif.o(.data)
    tcp_state_str                            0x20001028   Data          44  tcp.o(.data)
    tcp_ticks                                0x2000105c   Data           4  tcp.o(.data)
    tcp_bound_pcbs                           0x20001060   Data           4  tcp.o(.data)
    tcp_listen_pcbs                          0x20001064   Data           4  tcp.o(.data)
    tcp_active_pcbs                          0x20001068   Data           4  tcp.o(.data)
    tcp_tw_pcbs                              0x2000106c   Data           4  tcp.o(.data)
    tcp_tmp_pcb                              0x20001070   Data           4  tcp.o(.data)
    tcp_input_pcb                            0x20001094   Data           4  tcp_in.o(.data)
    udp_pcbs                                 0x20001098   Data           4  udp.o(.data)
    DMATxDescToSet                           0x200010a0   Data           4  stm32f4x7_eth.o(.data)
    DMARxDescToGet                           0x200010a4   Data           4  stm32f4x7_eth.o(.data)
    DMA_RX_FRAME_infos                       0x200010a8   Data           4  stm32f4x7_eth.o(.data)
    Frame_Rx_index                           0x200010ac   Data           4  stm32f4x7_eth.o(.data)
    TimingDelay                              0x200010b0   Data           4  systick.o(.data)
    CCR1_Val                                 0x200010b4   Data           2  timer.o(.data)
    CCR2_Val                                 0x200010b6   Data           2  timer.o(.data)
    CCR3_Val                                 0x200010b8   Data           2  timer.o(.data)
    CCR4_Val                                 0x200010ba   Data           2  timer.o(.data)
    gFkStat                                  0x200010c5   Data           1  bmu_gt.o(.data)
    pxMBFrameCBByteReceived                  0x20001170   Data           4  mb.o(.data)
    pxMBFrameCBTransmitterEmpty              0x20001174   Data           4  mb.o(.data)
    pxMBPortCBTimerExpired                   0x20001178   Data           4  mb.o(.data)
    pxMBFrameCBReceiveFSMCur                 0x2000117c   Data           4  mb.o(.data)
    pxMBFrameCBTransmitFSMCur                0x20001180   Data           4  mb.o(.data)
    emtasVendorId                            0x20001310   Data           4  eb_framework.o(.data)
    emtasCANopenVersion                      0x20001314   Data           4  eb_framework.o(.data)
    emtasEbFwVersion                         0x20001318   Data           4  eb_framework.o(.data)
    gSysCfg                                  0x20001350   Data          68  main.o(.bss)
    bmu                                      0x20001394   Data        3776  main.o(.bss)
    Stk_TaskStartUp                          0x20002254   Data        4000  main.o(.bss)
    Stk_Task_HTTP                            0x200031f4   Data        4000  task_test.o(.bss)
    Stk_Task_LED                             0x20004194   Data        1600  task_test.o(.bss)
    Stk_Task_CAN1                            0x20004cf4   Data        8000  task_can1.o(.bss)
    Stk_Task_CO                              0x20006c34   Data        8000  task_can1.o(.bss)
    Stk_Task_CAN2_Rev                        0x20008b74   Data        1600  task_can2.o(.bss)
    Stk_Task_CAN2_Snd2Buf                    0x200091b4   Data        1600  task_can2.o(.bss)
    Stk_Task_CAN_Send                        0x200097f4   Data        1600  task_can2.o(.bss)
    ad_res                                   0x20009e34   Data          18  task_adc.o(.bss)
    f_adc_value                              0x20009e48   Data          64  task_adc.o(.bss)
    Stk_Task_AVChg                           0x20009e88   Data        1600  task_avchg.o(.bss)
    sysInfo                                  0x2000a4c8   Data         792  task_main.o(.bss)
    bpInfo                                   0x2000a7e0   Data          84  task_main.o(.bss)
    strInfo                                  0x2000a838   Data        1920  task_main.o(.bss)
    Stk_Task_Main                            0x2000afb8   Data        8000  task_main.o(.bss)
    Stk_TaskFaultCheck                       0x2000cf20   Data         400  task_syscheck.o(.bss)
    str_tc                                   0x2000d0b0   Data        5120  task_syscheck.o(.bss)
    bp_tc                                    0x2000e4b0   Data         640  task_syscheck.o(.bss)
    Stk_Task_WIFI                            0x2000e730   Data        1600  task_wifi.o(.bss)
    Stk_Task_Mesa                            0x2000ed70   Data        1600  mesa.o(.bss)
    mesa_801                                 0x2000f3b0   Data          48  mesa.o(.bss)
    mesa_802                                 0x2000f3e0   Data          48  mesa.o(.bss)
    mesa_803                                 0x2000f410   Data          68  mesa.o(.bss)
    netif                                    0x2000f454   Data          56  netconf.o(.bss)
    data_BSCMain_html                        0x2000f48c   Data        9012  httpd.o(.bss)
    CAN1RxMsg                                0x200117c0   Data          20  bsp_can.o(.bss)
    CAN2RxMsg                                0x200117d4   Data          20  bsp_can.o(.bss)
    CAN1TxBuf                                0x200117e8   Data         600  bsp_can.o(.bss)
    CAN2TxBuf                                0x20011a40   Data         600  bsp_can.o(.bss)
    ADC_REV_Instant                          0x20011c98   Data          32  bsp_adc.o(.bss)
    ADC_REV_SUM                              0x20011cb8   Data          64  bsp_adc.o(.bss)
    RS232_buff                               0x20011cf8   Data        1024  bsp_sci.o(.bss)
    U4_buff                                  0x200120f8   Data        1024  bsp_sci.o(.bss)
    RS232_send_data                          0x200124f8   Data        1024  dma.o(.bss)
    U4_send_data                             0x200128f8   Data        1024  dma.o(.bss)
    RecvBUF                                  0x20012cf8   Data         512  bsp_wifi.o(.bss)
    OSEventTbl                               0x20012ef8   Data         240  os_core.o(.bss)
    OSFlagTbl                                0x20012fe8   Data          80  os_core.o(.bss)
    OSTaskStatStk                            0x20013038   Data         512  os_core.o(.bss)
    OSTaskIdleStk                            0x20013238   Data         512  os_core.o(.bss)
    OSTCBPrioTbl                             0x20013438   Data         256  os_core.o(.bss)
    OSTCBTbl                                 0x20013538   Data        1936  os_core.o(.bss)
    OSMemTbl                                 0x20013cc8   Data         120  os_core.o(.bss)
    OSQTbl                                   0x20013d40   Data          96  os_core.o(.bss)
    DMARxDscrTab                             0x200190b8   Data         128  stm32f4x7_eth.o(.bss)
    DMATxDscrTab                             0x20019138   Data          64  stm32f4x7_eth.o(.bss)
    Rx_Buff                                  0x20019178   Data        6096  stm32f4x7_eth.o(.bss)
    Tx_Buff                                  0x2001a948   Data        3048  stm32f4x7_eth.o(.bss)
    RX_Frame_Descriptor                      0x2001b530   Data          12  stm32f4x7_eth.o(.bss)
    jmsg                                     0x2001b53c   Data          20  shed_ctrl.o(.bss)
    chgCfgBulk_info                          0x2001b550   Data         168  shed_ctrl.o(.bss)
    ebBatData                                0x2001c088   Data         140  eb_battery.o(.bss)
    ebData                                   0x2001c114   Data          68  eb_framework.o(.bss)
    dataReqEbc                               0x2001c158   Data          12  eb_framework.o(.bss)
    dataRespEbc                              0x2001c164   Data          16  eb_framework.o(.bss)
    reqData                                  0x2001c174   Data          16  eb_framework.o(.bss)
    __initial_sp                             0x2001c5c8   Data           0  startup_stm32f4xx.o(STACK)



==============================================================================

Memory Map of the image

  Image Entry point : 0x08000189

  Load Region LR_IROM1 (Base: 0x08000000, Size: 0x0002a444, Max: 0x00050000, ABSOLUTE, COMPRESSED[0x00029740])

    Execution Region ER_IROM1 (Base: 0x08000000, Size: 0x000290f4, Max: 0x00050000, ABSOLUTE)

    Base Addr    Size         Type   Attr      Idx    E Section Name        Object

    0x08000000   0x00000188   Data   RO         1663    RESET               startup_stm32f4xx.o
    0x08000188   0x00000000   Code   RO         3363  * .ARM.Collect$$$$00000000  mc_w.l(entry.o)
    0x08000188   0x00000004   Code   RO         3657    .ARM.Collect$$$$00000001  mc_w.l(entry2.o)
    0x0800018c   0x00000004   Code   RO         3660    .ARM.Collect$$$$00000004  mc_w.l(entry5.o)
    0x08000190   0x00000000   Code   RO         3662    .ARM.Collect$$$$00000008  mc_w.l(entry7b.o)
    0x08000190   0x00000008   Code   RO         3663    .ARM.Collect$$$$00000009  mc_w.l(entry8.o)
    0x08000198   0x00000004   Code   RO         3658    .ARM.Collect$$$$00002712  mc_w.l(entry2.o)
    0x0800019c   0x000001b0   Code   RO            2    .text               main.o
    0x0800034c   0x000026c8   Code   RO          388    .text               appbmu.o
    0x08002a14   0x00000054   Code   RO          425    .text               task_can1.o
    0x08002a68   0x00000f34   Code   RO          452    .text               task_can2.o
    0x0800399c   0x00000530   Code   RO          492    .text               task_adc.o
    0x08003ecc   0x0000042c   Code   RO          516    .text               task_avchg.o
    0x080042f8   0x0000018c   Code   RO          541    .text               task_eflash.o
    0x08004484   0x00000374   Code   RO          560    .text               appconfig.o
    0x080047f8   0x000000d0   Code   RO          576    .text               task_main.o
    0x080048c8   0x000002e4   Code   RO          605    .text               task_syscheck.o
    0x08004bac   0x00000024   Code   RO          632    .text               task_wifi.o
    0x08004bd0   0x0000058c   Code   RO          655    .text               battery.o
    0x0800515c   0x00000378   Code   RO          756    .text               mesa.o
    0x080054d4   0x00000054   Code   RO          778    .text               bsp_global.o
    0x08005528   0x00000178   Code   RO          794    .text               nvic.o
    0x080056a0   0x000001e4   Code   RO          810    .text               stm32f4x7_eth_bsp.o
    0x08005884   0x000000a4   Code   RO          830    .text               netconf.o
    0x08005928   0x0000007c   Code   RO          881    .text               stm32f4xx_it.o
    0x080059a4   0x000004b8   Code   RO          900    .text               httpd.o
    0x08005e5c   0x000002a0   Code   RO          928    .text               24c02.o
    0x080060fc   0x00000200   Code   RO          944    .text               bsp_gpio.o
    0x080062fc   0x00000404   Code   RO          960    .text               bsp_can.o
    0x08006700   0x00000228   Code   RO          984    .text               bsp_adc.o
    0x08006928   0x0000041c   Code   RO         1015    .text               bsp_sci.o
    0x08006d44   0x00000254   Code   RO         1039    .text               dma.o
    0x08006f98   0x0000008c   Code   RO         1063    .text               flashdriver.o
    0x08007024   0x0000068c   Code   RO         1081    .text               sst25vf016b.o
    0x080076b0   0x0000002c   Code   RO         1097    .text               bsp_wdg.o
    0x080076dc   0x00000660   Code   RO         1113    .text               bsp_wifi.o
    0x08007d3c   0x0000088c   Code   RO         1136    .text               hal.o
    0x080085c8   0x000000e4   Code   RO         1164    .text               misc.o
    0x080086ac   0x00000474   Code   RO         1180    .text               stm32f4xx_adc.o
    0x08008b20   0x000009f4   Code   RO         1196    .text               stm32f4xx_can.o
    0x08009514   0x000003b0   Code   RO         1340    .text               stm32f4xx_dma.o
    0x080098c4   0x0000024c   Code   RO         1404    .text               stm32f4xx_gpio.o
    0x08009b10   0x0000041c   Code   RO         1468    .text               stm32f4xx_i2c.o
    0x08009f2c   0x00000040   Code   RO         1484    .text               stm32f4xx_iwdg.o
    0x08009f6c   0x00000578   Code   RO         1516    .text               stm32f4xx_rcc.o
    0x0800a4e4   0x000000a0   Code   RO         1534    .text               stm32f4xx_rng.o
    0x0800a584   0x00000400   Code   RO         1582    .text               stm32f4xx_spi.o
    0x0800a984   0x0000008c   Code   RO         1598    .text               stm32f4xx_syscfg.o
    0x0800aa10   0x00000c70   Code   RO         1614    .text               stm32f4xx_tim.o
    0x0800b680   0x00000422   Code   RO         1630    .text               stm32f4xx_usart.o
    0x0800baa2   0x00000002   PAD
    0x0800baa4   0x00000024   Code   RO         1664    .text               startup_stm32f4xx.o
    0x0800bac8   0x000001fc   Code   RO         1669    .text               system_stm32f4xx.o
    0x0800bcc4   0x000000c4   Code   RO         1690    .text               os_cpu_a.o
    0x0800bd88   0x0000014c   Code   RO         1694    .text               os_cpu_c.o
    0x0800bed4   0x00000cec   Code   RO         1729    .text               os_core.o
    0x0800cbc0   0x000007f8   Code   RO         1753    .text               os_flag.o
    0x0800d3b8   0x000001d4   Code   RO         1785    .text               os_mem.o
    0x0800d58c   0x000005e4   Code   RO         1817    .text               os_q.o
    0x0800db70   0x000003a8   Code   RO         1833    .text               os_sem.o
    0x0800df18   0x0000083c   Code   RO         1849    .text               os_task.o
    0x0800e754   0x000001a4   Code   RO         1865    .text               os_time.o
    0x0800e8f8   0x000003c0   Code   RO         1941    .text               autoip.o
    0x0800ecb8   0x00000200   Code   RO         1964    .text               icmp.o
    0x0800eeb8   0x0000021c   Code   RO         1991    .text               inet.o
    0x0800f0d4   0x00000156   Code   RO         2004    .text               inet_chksum.o
    0x0800f22a   0x00000002   PAD
    0x0800f22c   0x00000354   Code   RO         2023    .text               ip.o
    0x0800f580   0x0000004e   Code   RO         2053    .text               ip_addr.o
    0x0800f5ce   0x00000002   PAD
    0x0800f5d0   0x000005e0   Code   RO         2075    .text               ip_frag.o
    0x0800fbb0   0x00001008   Code   RO         2093    .text               dhcp.o
    0x08010bb8   0x00000354   Code   RO         2147    .text               mem.o
    0x08010f0c   0x000000a8   Code   RO         2162    .text               memp.o
    0x08010fb4   0x0000021c   Code   RO         2192    .text               netif.o
    0x080111d0   0x000005a4   Code   RO         2214    .text               pbuf.o
    0x08011774   0x000001a0   Code   RO         2226    .text               raw.o
    0x08011914   0x00000bfc   Code   RO         2252    .text               tcp.o
    0x08012510   0x0000128c   Code   RO         2273    .text               tcp_in.o
    0x0801379c   0x00000a9e   Code   RO         2293    .text               tcp_out.o
    0x0801423a   0x00000002   PAD
    0x0801423c   0x0000041c   Code   RO         2305    .text               udp.o
    0x08014658   0x0000096e   Code   RO         2334    .text               etharp.o
    0x08014fc6   0x00000002   PAD
    0x08014fc8   0x000001bc   Code   RO         2361    .text               ethernetif.o
    0x08015184   0x00000e48   Code   RO         2378    .text               stm32f4x7_eth.o
    0x08015fcc   0x000000b8   Code   RO         2398    .text               systick.o
    0x08016084   0x0000018c   Code   RO         2417    .text               timer.o
    0x08016210   0x000007c0   Code   RO         2473    .text               pagemake.o
    0x080169d0   0x0000094c   Code   RO         2492    .text               shed_ctrl.o
    0x0801731c   0x0000050c   Code   RO         2512    .text               bmu_gt.o
    0x08017828   0x000001ae   Code   RO         2533    .text               mbfunccoils.o
    0x080179d6   0x000000ac   Code   RO         2579    .text               mbfuncdisc.o
    0x08017a82   0x00000210   Code   RO         2591    .text               mbfuncholding.o
    0x08017c92   0x0000008c   Code   RO         2603    .text               mbfuncinput.o
    0x08017d1e   0x00000002   PAD
    0x08017d20   0x00000094   Code   RO         2615    .text               mbfuncother.o
    0x08017db4   0x000000b0   Code   RO         2630    .text               mbutils.o
    0x08017e64   0x0000004c   Code   RO         2642    .text               portevent.o
    0x08017eb0   0x000000a4   Code   RO         2692    .text               mbtcp.o
    0x08017f54   0x000002e0   Code   RO         2707    .text               mb.o
    0x08018234   0x0000022c   Code   RO         2728    .text               porttcp.o
    0x08018460   0x000005f4   Code   RO         2750    .text               mbtcp_task.o
    0x08018a54   0x00000310   Code   RO         2774    .text               co_cobhandler.o
    0x08018d64   0x00000268   Code   RO         2799    .text               co_commtask.o
    0x08018fcc   0x000002d0   Code   RO         2859    .text               co_emcy.o
    0x0801929c   0x00000620   Code   RO         2876    .text               co_errctrl.o
    0x080198bc   0x00000088   Code   RO         2891    .text               co_event.o
    0x08019944   0x00000804   Code   RO         2914    .text               co_lss.o
    0x0801a148   0x00000364   Code   RO         2936    .text               co_nmt.o
    0x0801a4ac   0x00001fc4   Code   RO         2976    .text               co_odaccess.o
    0x0801c470   0x00000938   Code   RO         2990    .text               co_pdo.o
    0x0801cda8   0x000005b0   Code   RO         3005    .text               co_queue.o
    0x0801d358   0x00000b8c   Code   RO         3032    .text               co_sdoserv.o
    0x0801dee4   0x0000034c   Code   RO         3051    .text               co_sleep.o
    0x0801e230   0x00000052   Code   RO         3066    .text               co_stackinit.o
    0x0801e282   0x00000002   PAD
    0x0801e284   0x00000064   Code   RO         3087    .text               co_store.o
    0x0801e2e8   0x00000380   Code   RO         3101    .text               co_sync.o
    0x0801e668   0x000001bc   Code   RO         3122    .text               co_timer.o
    0x0801e824   0x0000019c   Code   RO         3143    .text               codrv_can_generic.o
    0x0801e9c0   0x0000001e   Code   RO         3181    .text               codrv_cpu_generic.o
    0x0801e9de   0x00000002   PAD
    0x0801e9e0   0x000000e0   Code   RO         3196    .text               codrv_error.o
    0x0801eac0   0x00000158   Code   RO         3223    .text               eb_battery.o
    0x0801ec18   0x00000088   Code   RO         3260    .text               eb_eeprom.o
    0x0801eca0   0x000006e4   Code   RO         3274    .text               eb_framework.o
    0x0801f384   0x00000454   Code   RO         3300    .text               eb_indication.o
    0x0801f7d8   0x00000374   Code   RO         3314    .text               eb_state.o
    0x0801fb4c   0x0000012c   Code   RO         3331    .text               gen_objdict.o
    0x0801fc78   0x00000038   Code   RO         3351    .text               usr_ind.o
    0x0801fcb0   0x00000062   Code   RO         3366    .text               mc_w.l(uldiv.o)
    0x0801fd12   0x00000024   Code   RO         3368    .text               mc_w.l(memcpya.o)
    0x0801fd36   0x00000026   Code   RO         3370    .text               mc_w.l(memseta.o)
    0x0801fd5c   0x0000001c   Code   RO         3372    .text               mc_w.l(strcat.o)
    0x0801fd78   0x00000010   Code   RO         3374    .text               mc_w.l(strlen.o)
    0x0801fd88   0x0000001c   Code   RO         3376    .text               mc_w.l(strcmp.o)
    0x0801fda4   0x0000001a   Code   RO         3378    .text               mc_w.l(memcmp.o)
    0x0801fdbe   0x00000012   Code   RO         3380    .text               mc_w.l(strcpy.o)
    0x0801fdd0   0x0000001e   Code   RO         3382    .text               mc_w.l(strncmp.o)
    0x0801fdee   0x000000e0   Code   RO         3647    .text               mf_w.l(dmul.o)
    0x0801fece   0x000000de   Code   RO         3649    .text               mf_w.l(ddiv.o)
    0x0801ffac   0x0000001a   Code   RO         3651    .text               mf_w.l(dfltui.o)
    0x0801ffc6   0x0000002c   Code   RO         3653    .text               mf_w.l(f2d.o)
    0x0801fff2   0x00000038   Code   RO         3655    .text               mf_w.l(d2f.o)
    0x0802002a   0x0000002c   Code   RO         3667    .text               mc_w.l(uidiv.o)
    0x08020056   0x0000001e   Code   RO         3669    .text               mc_w.l(llshl.o)
    0x08020074   0x00000020   Code   RO         3671    .text               mc_w.l(llushr.o)
    0x08020094   0x00000000   Code   RO         3673    .text               mc_w.l(iusefp.o)
    0x08020094   0x0000006c   Code   RO         3674    .text               mf_w.l(fepilogue.o)
    0x08020100   0x000000be   Code   RO         3676    .text               mf_w.l(depilogue.o)
    0x080201be   0x0000014c   Code   RO         3678    .text               mf_w.l(dadd.o)
    0x0802030a   0x00000030   Code   RO         3680    .text               mf_w.l(dfixul.o)
    0x0802033a   0x00000002   PAD
    0x0802033c   0x00000028   Code   RO         3682    .text               mf_w.l(cdrcmple.o)
    0x08020364   0x00000024   Code   RO         3684    .text               mc_w.l(init.o)
    0x08020388   0x00000024   Code   RO         3687    .text               mc_w.l(llsshr.o)
    0x080203ac   0x00000060   Code   RO         3698    .text               mc_w.l(__dclz77c.o)
    0x0802040c   0x00000028   Code   RO         3621    i.__0sprintf        mc_w.l(printfa.o)
    0x08020434   0x0000000e   Code   RO         3692    i.__scatterload_copy  mc_w.l(handlers.o)
    0x08020442   0x00000002   Code   RO         3693    i.__scatterload_null  mc_w.l(handlers.o)
    0x08020444   0x0000000e   Code   RO         3694    i.__scatterload_zeroinit  mc_w.l(handlers.o)
    0x08020452   0x00000002   PAD
    0x08020454   0x00000158   Code   RO         3626    i._fp_digits        mc_w.l(printfa.o)
    0x080205ac   0x00000704   Code   RO         3627    i._printf_core      mc_w.l(printfa.o)
    0x08020cb0   0x00000026   Code   RO         3628    i._printf_post_padding  mc_w.l(printfa.o)
    0x08020cd6   0x00000030   Code   RO         3629    i._printf_pre_padding  mc_w.l(printfa.o)
    0x08020d06   0x0000000a   Code   RO         3631    i._sputc            mc_w.l(printfa.o)
    0x08020d10   0x00000016   Data   RO          390    .constdata          appbmu.o
    0x08020d26   0x00000002   PAD
    0x08020d28   0x0000020c   Data   RO          518    .constdata          task_avchg.o
    0x08020f34   0x0000000a   Data   RO          578    .constdata          task_main.o
    0x08020f3e   0x00000002   PAD
    0x08020f40   0x00006e3c   Data   RO          902    .constdata          httpd.o
    0x08027d7c   0x00000168   Data   RO          962    .constdata          bsp_can.o
    0x08027ee4   0x00000100   Data   RO         1731    .constdata          os_core.o
    0x08027fe4   0x00000008   Data   RO         2054    .constdata          ip_addr.o
    0x08027fec   0x00000024   Data   RO         2164    .constdata          memp.o
    0x08028010   0x00000014   Data   RO         2253    .constdata          tcp.o
    0x08028024   0x0000000c   Data   RO         2336    .constdata          etharp.o
    0x08028030   0x00000040   Data   RO         2776    .constdata          co_cobhandler.o
    0x08028070   0x00000024   Data   RO         2800    .constdata          co_commtask.o
    0x08028094   0x00000014   Data   RO         2916    .constdata          co_lss.o
    0x080280a8   0x000000d0   Data   RO         3034    .constdata          co_sdoserv.o
    0x08028178   0x00000050   Data   RO         3144    .constdata          codrv_can_generic.o
    0x080281c8   0x00000018   Data   RO         3225    .constdata          eb_battery.o
    0x080281e0   0x000000a8   Data   RO         3276    .constdata          eb_framework.o
    0x08028288   0x00000018   Data   RO         3316    .constdata          eb_state.o
    0x080282a0   0x00000d5c   Data   RO         3333    .constdata          gen_objdict.o
    0x08028ffc   0x0000006e   Data   RO          903    .conststring        httpd.o
    0x0802906a   0x00000068   Data   RO         2254    .conststring        tcp.o
    0x080290d2   0x00000002   PAD
    0x080290d4   0x00000020   Data   RO         3690    Region$$Table       anon$$obj.o


    Execution Region RW_IRAM1 (Base: 0x20000000, Size: 0x0001c5c8, Max: 0x00020000, ABSOLUTE, COMPRESSED[0x0000064c])

    Base Addr    Size         Type   Attr      Idx    E Section Name        Object

    0x20000000   0x00000004   Data   RW            4    .data               main.o
    0x20000004   0x00000004   Data   RW          348    .data               task_test.o
    0x20000008   0x0000000b   Data   RW          391    .data               appbmu.o
    0x20000013   0x00000001   PAD
    0x20000014   0x00000018   Data   RW          427    .data               task_can1.o
    0x2000002c   0x0000002c   Data   RW          454    .data               task_can2.o
    0x20000058   0x000000c8   Data   RW          494    .data               task_adc.o
    0x20000120   0x00000004   Data   RW          519    .data               task_avchg.o
    0x20000124   0x00000020   Data   RW          579    .data               task_main.o
    0x20000144   0x00000018   Data   RW          607    .data               task_syscheck.o
    0x2000015c   0x00000004   Data   RW          634    .data               task_wifi.o
    0x20000160   0x0000000c   Data   RW          832    .data               netconf.o
    0x2000016c   0x00000dd8   Data   RW          904    .data               httpd.o
    0x20000f44   0x0000000e   Data   RW          963    .data               bsp_can.o
    0x20000f52   0x00000002   PAD
    0x20000f54   0x00000005   Data   RW          986    .data               bsp_adc.o
    0x20000f59   0x00000003   PAD
    0x20000f5c   0x00000016   Data   RW         1017    .data               bsp_sci.o
    0x20000f72   0x00000002   Data   RW         1041    .data               dma.o
    0x20000f74   0x00000008   Data   RW         1064    .data               flashdriver.o
    0x20000f7c   0x00000002   Data   RW         1115    .data               bsp_wifi.o
    0x20000f7e   0x00000010   Data   RW         1517    .data               stm32f4xx_rcc.o
    0x20000f8e   0x00000002   PAD
    0x20000f90   0x00000014   Data   RW         1670    .data               system_stm32f4xx.o
    0x20000fa4   0x0000004c   Data   RW         1732    .data               os_core.o
    0x20000ff0   0x0000000c   Data   RW         2024    .data               ip.o
    0x20000ffc   0x00000006   Data   RW         2077    .data               ip_frag.o
    0x20001002   0x00000002   PAD
    0x20001004   0x00000004   Data   RW         2094    .data               dhcp.o
    0x20001008   0x0000000d   Data   RW         2149    .data               mem.o
    0x20001015   0x00000003   PAD
    0x20001018   0x0000000c   Data   RW         2193    .data               netif.o
    0x20001024   0x00000004   Data   RW         2227    .data               raw.o
    0x20001028   0x0000004d   Data   RW         2255    .data               tcp.o
    0x20001075   0x00000003   PAD
    0x20001078   0x00000020   Data   RW         2275    .data               tcp_in.o
    0x20001098   0x00000004   Data   RW         2306    .data               udp.o
    0x2000109c   0x00000001   Data   RW         2337    .data               etharp.o
    0x2000109d   0x00000003   PAD
    0x200010a0   0x00000010   Data   RW         2380    .data               stm32f4x7_eth.o
    0x200010b0   0x00000004   Data   RW         2399    .data               systick.o
    0x200010b4   0x00000008   Data   RW         2418    .data               timer.o
    0x200010bc   0x00000009   Data   RW         2494    .data               shed_ctrl.o
    0x200010c5   0x00000001   Data   RW         2513    .data               bmu_gt.o
    0x200010c6   0x00000002   Data   RW         2617    .data               mbfuncother.o
    0x200010c8   0x00000002   Data   RW         2643    .data               portevent.o
    0x200010ca   0x00000002   PAD
    0x200010cc   0x000000b8   Data   RW         2708    .data               mb.o
    0x20001184   0x0000000a   Data   RW         2730    .data               porttcp.o
    0x2000118e   0x00000014   Data   RW         2752    .data               mbtcp_task.o
    0x200011a2   0x00000002   Data   RW         2777    .data               co_cobhandler.o
    0x200011a4   0x00000010   Data   RW         2801    .data               co_commtask.o
    0x200011b4   0x00000010   Data   RW         2860    .data               co_emcy.o
    0x200011c4   0x0000000c   Data   RW         2878    .data               co_errctrl.o
    0x200011d0   0x00000004   Data   RW         2892    .data               co_event.o
    0x200011d4   0x00000018   Data   RW         2917    .data               co_lss.o
    0x200011ec   0x00000010   Data   RW         2937    .data               co_nmt.o
    0x200011fc   0x00000084   Data   RW         2977    .data               co_odaccess.o
    0x20001280   0x00000002   Data   RW         2992    .data               co_pdo.o
    0x20001282   0x00000002   PAD
    0x20001284   0x00000012   Data   RW         3007    .data               co_queue.o
    0x20001296   0x00000002   PAD
    0x20001298   0x00000010   Data   RW         3035    .data               co_sdoserv.o
    0x200012a8   0x00000012   Data   RW         3053    .data               co_sleep.o
    0x200012ba   0x00000002   PAD
    0x200012bc   0x00000008   Data   RW         3088    .data               co_store.o
    0x200012c4   0x00000020   Data   RW         3103    .data               co_sync.o
    0x200012e4   0x0000000c   Data   RW         3123    .data               co_timer.o
    0x200012f0   0x00000008   Data   RW         3145    .data               codrv_can_generic.o
    0x200012f8   0x00000006   Data   RW         3197    .data               codrv_error.o
    0x200012fe   0x00000002   PAD
    0x20001300   0x00000008   Data   RW         3226    .data               eb_battery.o
    0x20001308   0x00000008   Data   RW         3261    .data               eb_eeprom.o
    0x20001310   0x0000000c   Data   RW         3277    .data               eb_framework.o
    0x2000131c   0x00000024   Data   RW         3301    .data               eb_indication.o
    0x20001340   0x00000008   Data   RW         3317    .data               eb_state.o
    0x20001348   0x00000006   Data   RW         3334    .data               gen_objdict.o
    0x2000134e   0x00000002   PAD
    0x20001350   0x00001ea4   Zero   RW            3    .bss                main.o
    0x200031f4   0x000015e0   Zero   RW          347    .bss                task_test.o
    0x200047d4   0x00000520   Zero   RW          389    .bss                appbmu.o
    0x20004cf4   0x00003e80   Zero   RW          426    .bss                task_can1.o
    0x20008b74   0x000012c0   Zero   RW          453    .bss                task_can2.o
    0x20009e34   0x00000054   Zero   RW          493    .bss                task_adc.o
    0x20009e88   0x00000640   Zero   RW          517    .bss                task_avchg.o
    0x2000a4c8   0x00002a30   Zero   RW          577    .bss                task_main.o
    0x2000cef8   0x00001838   Zero   RW          606    .bss                task_syscheck.o
    0x2000e730   0x00000640   Zero   RW          633    .bss                task_wifi.o
    0x2000ed70   0x000006e4   Zero   RW          757    .bss                mesa.o
    0x2000f454   0x00000038   Zero   RW          831    .bss                netconf.o
    0x2000f48c   0x00002334   Zero   RW          901    .bss                httpd.o
    0x200117c0   0x000004d8   Zero   RW          961    .bss                bsp_can.o
    0x20011c98   0x00000060   Zero   RW          985    .bss                bsp_adc.o
    0x20011cf8   0x00000800   Zero   RW         1016    .bss                bsp_sci.o
    0x200124f8   0x00000800   Zero   RW         1040    .bss                dma.o
    0x20012cf8   0x00000200   Zero   RW         1114    .bss                bsp_wifi.o
    0x20012ef8   0x00000ea8   Zero   RW         1730    .bss                os_core.o
    0x20013da0   0x00000010   Zero   RW         1992    .bss                inet.o
    0x20013db0   0x000005e0   Zero   RW         2076    .bss                ip_frag.o
    0x20014390   0x00002814   Zero   RW         2148    .bss                mem.o
    0x20016ba4   0x00002437   Zero   RW         2163    .bss                memp.o
    0x20018fdb   0x00000001   PAD
    0x20018fdc   0x00000014   Zero   RW         2274    .bss                tcp_in.o
    0x20018ff0   0x000000c8   Zero   RW         2335    .bss                etharp.o
    0x200190b8   0x00002484   Zero   RW         2379    .bss                stm32f4x7_eth.o
    0x2001b53c   0x000000bc   Zero   RW         2493    .bss                shed_ctrl.o
    0x2001b5f8   0x00000020   Zero   RW         2616    .bss                mbfuncother.o
    0x2001b618   0x00000107   Zero   RW         2729    .bss                porttcp.o
    0x2001b71f   0x00000001   PAD
    0x2001b720   0x0000014c   Zero   RW         2751    .bss                mbtcp_task.o
    0x2001b86c   0x00000374   Zero   RW         2775    .bss                co_cobhandler.o
    0x2001bbe0   0x00000068   Zero   RW         2877    .bss                co_errctrl.o
    0x2001bc48   0x00000040   Zero   RW         2915    .bss                co_lss.o
    0x2001bc88   0x0000009c   Zero   RW         2991    .bss                co_pdo.o
    0x2001bd24   0x000002f8   Zero   RW         3006    .bss                co_queue.o
    0x2001c01c   0x00000024   Zero   RW         3033    .bss                co_sdoserv.o
    0x2001c040   0x00000030   Zero   RW         3052    .bss                co_sleep.o
    0x2001c070   0x00000018   Zero   RW         3102    .bss                co_sync.o
    0x2001c088   0x0000008c   Zero   RW         3224    .bss                eb_battery.o
    0x2001c114   0x00000070   Zero   RW         3275    .bss                eb_framework.o
    0x2001c184   0x00000024   Zero   RW         3315    .bss                eb_state.o
    0x2001c1a8   0x00000020   Zero   RW         3332    .bss                gen_objdict.o
    0x2001c1c8   0x00000400   Zero   RW         1661    STACK               startup_stm32f4xx.o


==============================================================================

Image component sizes


      Code (inc. data)   RO Data    RW Data    ZI Data      Debug   Object Name

       672         26          0          0          0       2576   24c02.o
      9928        156         22         11       1312      18484   appbmu.o
       884         36          0          0          0       1488   appconfig.o
       960         34          0          0          0       6657   autoip.o
      1420        114          0          0          0      22010   battery.o
      1292         42          0          1          0       3255   bmu_gt.o
       552         44          0          5         96      19853   bsp_adc.o
      1028         74        360         14       1240       3918   bsp_can.o
        84          8          0          0          0        479   bsp_global.o
       512         26          0          0          0       1169   bsp_gpio.o
      1052         64          0         22       2048       3832   bsp_sci.o
        44          0          0          0          0        548   bsp_wdg.o
      1632        360          0          2        512       4052   bsp_wifi.o
       784         14         64          2        884       6634   co_cobhandler.o
       616         46         36         16          0       5736   co_commtask.o
       720         22          0         16          0       4409   co_emcy.o
      1568         62          0         12        104       7548   co_errctrl.o
       136          4          0          4          0       1952   co_event.o
      2052        130         20         24         64       7038   co_lss.o
       868         28          0         16          0       4870   co_nmt.o
      8132        708          0        132          0      23941   co_odaccess.o
      2360         32          0          2        156      11141   co_pdo.o
      1456         72          0         18        760       7159   co_queue.o
      2956         74        208         16         36      13017   co_sdoserv.o
       844         52          0         18         48       5280   co_sleep.o
        82          0          0          0          0       1312   co_stackinit.o
       100          8          0          8          0       1596   co_store.o
       896         50          0         32         24       5010   co_sync.o
       444         12          0         12          0       3487   co_timer.o
       412         16         80          8          0       4995   codrv_can_generic.o
        30          0          0          0          0       1419   codrv_cpu_generic.o
       224          4          0          6          0       1755   codrv_error.o
      4104         46          0          4          0      15535   dhcp.o
       596         36          0          2       2048       2108   dma.o
       344         16         24          8        140       4695   eb_battery.o
       136         10          0          8          0       1944   eb_eeprom.o
      1764         36        168         12        112      16047   eb_framework.o
      1108         70          0         36          0       7038   eb_indication.o
       884         36         24          8         36       4389   eb_state.o
      2414         22         12          1        200       9846   etharp.o
       444         38          0          0          0       2960   ethernetif.o
       140          8          0          8          0       2210   flashdriver.o
       300         40       3420          6         32       2366   gen_objdict.o
      2188         92          0          0          0       4271   hal.o
      1208        160      28330       3544       9012       4925   httpd.o
       512          0          0          0          0       2646   icmp.o
       540         12          0          0         16       3376   inet.o
       342          0          0          0          0       5334   inet_chksum.o
       852         22          0         12          0       6794   ip.o
        78          0          8          0          0       5513   ip_addr.o
      1504         16          0          6       1504       6524   ip_frag.o
       432        116          0          4       7844     405630   main.o
       736         72          0        184          0       4277   mb.o
       430          0          0          0          0       6351   mbfunccoils.o
       172          0          0          0          0       1484   mbfuncdisc.o
       528          0          0          0          0       3785   mbfuncholding.o
       140          0          0          0          0       1435   mbfuncinput.o
       148          8          0          2         32       1629   mbfuncother.o
       164          0          0          0          0       2223   mbtcp.o
      1524         52          0         20        332       4752   mbtcp_task.o
       176          0          0          0          0       1846   mbutils.o
       852         22          0         13      10260       3878   mem.o
       168         18         36          0       9271       2346   memp.o
       888         22          0          0       1764       5939   mesa.o
       228         22          0          0          0       1749   misc.o
       164         30          0         12         56       9290   netconf.o
       540         20          0         12          0       5800   netif.o
       376          0          0          0          0        701   nvic.o
      3308        276        256         76       3752      19863   os_core.o
       196         32          0          0          0        272   os_cpu_a.o
       332         14          0          0          0       3348   os_cpu_c.o
      2040         42          0          0          0       7104   os_flag.o
       468         18          0          0          0       3164   os_mem.o
      1508         34          0          0          0       5669   os_q.o
       936         20          0          0          0       3982   os_sem.o
      2108         76          0          0          0       8017   os_task.o
       420         26          0          0          0       1818   os_time.o
      1984        550          0          0          0       1190   pagemake.o
      1444          0          0          0          0       6156   pbuf.o
        76          8          0          2          0       1814   portevent.o
       556         32          0         10        263       3751   porttcp.o
       416          4          0          4          0       3569   raw.o
      2380         58          0          9        188       2250   shed_ctrl.o
      1676         18          0          0          0       3777   sst25vf016b.o
        36          8        392          0       1024        796   startup_stm32f4xx.o
      3656        114          0         16       9348      20268   stm32f4x7_eth.o
       484         26          0          0          0      19416   stm32f4x7_eth_bsp.o
      1140         30          0          0          0      10917   stm32f4xx_adc.o
      2548         38          0          0          0       8080   stm32f4xx_can.o
       944         32          0          0          0       6329   stm32f4xx_dma.o
       588         36          0          0          0       4033   stm32f4xx_gpio.o
      1052         26          0          0          0       8167   stm32f4xx_i2c.o
       124         10          0          0          0       2022   stm32f4xx_it.o
        64          6          0          0          0       1309   stm32f4xx_iwdg.o
      1400         46          0         16          0      10915   stm32f4xx_rcc.o
       160          4          0          0          0       1772   stm32f4xx_rng.o
      1024         20          0          0          0       6801   stm32f4xx_spi.o
       140         12          0          0          0       1643   stm32f4xx_syscfg.o
      3184         64          0          0          0      23016   stm32f4xx_tim.o
      1058         24          0          0          0       7804   stm32f4xx_usart.o
       508         44          0         20          0       1739   system_stm32f4xx.o
       184         18          0          4          0       2156   systick.o
      1328         92          0        200         84       3961   task_adc.o
      1068         28        524          4       1600       3821   task_avchg.o
        84          6          0         24      16000       1634   task_can1.o
      3892        322          0         44       4800      39135   task_can2.o
       396         20          0          0          0       1573   task_eflash.o
       208         34         10         32      10800       7169   task_main.o
       740         50          0         24       6200       7827   task_syscheck.o
         0          0          0          4       5600       4786   task_test.o
        36          4          0          4       1600        940   task_wifi.o
      3068        114        124         77          0      18460   tcp.o
      4748        212          0         32         20      13300   tcp_in.o
      2718         12          0          0          0       7202   tcp_out.o
       396         28          0          8          0       1354   timer.o
      1052         10          0          4          0      13795   udp.o
        56          0          0          0          0       3077   usr_ind.o

    ----------------------------------------------------------------------
    129812       6058      34156       4944     111224    1119217   Object Totals
         0          0         32          0          0          0   (incl. Generated)
        16          0          6         31          2          0   (incl. Padding)

    ----------------------------------------------------------------------

      Code (inc. data)   RO Data    RW Data    ZI Data      Debug   Library Member Name

        96          0          0          0          0          0   __dclz77c.o
         0          0          0          0          0          0   entry.o
         8          4          0          0          0          0   entry2.o
         4          0          0          0          0          0   entry5.o
         0          0          0          0          0          0   entry7b.o
         8          4          0          0          0          0   entry8.o
        30          0          0          0          0          0   handlers.o
        36          8          0          0          0         68   init.o
         0          0          0          0          0          0   iusefp.o
        30          0          0          0          0         68   llshl.o
        36          0          0          0          0         68   llsshr.o
        32          0          0          0          0         68   llushr.o
        26          0          0          0          0         80   memcmp.o
        36          0          0          0          0         68   memcpya.o
        38          0          0          0          0        108   memseta.o
      2276         84          0          0          0        512   printfa.o
        28          0          0          0          0         68   strcat.o
        28          0          0          0          0         76   strcmp.o
        18          0          0          0          0         68   strcpy.o
        16          0          0          0          0         68   strlen.o
        30          0          0          0          0         80   strncmp.o
        44          0          0          0          0         80   uidiv.o
        98          0          0          0          0         92   uldiv.o
        40          2          0          0          0         68   cdrcmple.o
        56          0          0          0          0         88   d2f.o
       332          0          0          0          0        148   dadd.o
       222          0          0          0          0        100   ddiv.o
       190          0          0          0          0        176   depilogue.o
        48          0          0          0          0         68   dfixul.o
        26          0          0          0          0         76   dfltui.o
       224          0          0          0          0         96   dmul.o
        44          0          0          0          0         68   f2d.o
       108          0          0          0          0        168   fepilogue.o

    ----------------------------------------------------------------------
      4212        102          0          0          0       2628   Library Totals
         4          0          0          0          0          0   (incl. Padding)

    ----------------------------------------------------------------------

      Code (inc. data)   RO Data    RW Data    ZI Data      Debug   Library Name

      2918        100          0          0          0       1572   mc_w.l
      1290          2          0          0          0       1056   mf_w.l

    ----------------------------------------------------------------------
      4212        102          0          0          0       2628   Library Totals

    ----------------------------------------------------------------------

==============================================================================


      Code (inc. data)   RO Data    RW Data    ZI Data      Debug   

    134024       6160      34156       4944     111224    1095141   Grand Totals
    134024       6160      34156       1612     111224    1095141   ELF Image Totals (compressed)
    134024       6160      34156       1612          0          0   ROM Totals

==============================================================================

    Total RO  Size (Code + RO Data)               168180 ( 164.24kB)
    Total RW  Size (RW Data + ZI Data)            116168 ( 113.45kB)
    Total ROM Size (Code + RO Data + RW Data)     169792 ( 165.81kB)

==============================================================================

